[AIM(CALL(abc, [ATOM(VAR, cde)])), AIM(AIM(CALL(abc, [ATOM(VAR, cde)])), &&, AIM(CALL(def, [ATOM(VAR, ghi)]))), AIM(AIM(CALL(abc, [ATOM(VAR, cde)])), ||, AIM(CALL(def, [ATOM(VAR, ghi)]))), AIM(UNIF, ATOM(VAR, abc), ATOM(VAR, cde)), AIM(AIM(AIM(CALL(abc, [ATOM(VAR, cde)])), &&, AIM(CALL(def, [ATOM(VAR, ghi)]))), &&, AIM(AIM(CALL(abc, [ATOM(VAR, cde)])), ||, AIM(CALL(def, [ATOM(VAR, ghi)])))), RELATION(qwe, [], AIM(CALL(abc, [ATOM(VAR, cde)]))), RELATION(qwe, [ATOM(VAR, rty)], AIM(AIM(CALL(abc, [ATOM(VAR, cde)])), &&, AIM(CALL(def, [ATOM(VAR, ghi)])))), AIM(AIM(AIM(AIM(CALL(abc, [ATOM(VAR, cde)])), &&, AIM(CALL(def, [ATOM(VAR, ghi)]))), &&, AIM(AIM(CALL(abc, [ATOM(VAR, cde)])), ||, AIM(CALL(def, [ATOM(VAR, ghi)])))), &&, AIM(AIM(AIM(CALL(abc, [ATOM(VAR, cde)])), &&, AIM(CALL(def, [ATOM(VAR, ghi)]))), &&, AIM(AIM(CALL(abc, [ATOM(VAR, cde)])), ||, AIM(CALL(def, [ATOM(VAR, ghi)]))))), AIM(AIM(AIM(AIM(AIM(CALL(abc, [ATOM(VAR, cde)])), &&, AIM(CALL(def, [ATOM(VAR, ghi)]))), &&, AIM(AIM(CALL(abc, [ATOM(VAR, cde)])), ||, AIM(CALL(def, [ATOM(VAR, ghi)])))), &&, AIM(AIM(AIM(CALL(abc, [ATOM(VAR, cde)])), &&, AIM(CALL(def, [ATOM(VAR, ghi)]))), &&, AIM(AIM(CALL(abc, [ATOM(VAR, cde)])), ||, AIM(CALL(def, [ATOM(VAR, ghi)]))))), ||, AIM(AIM(AIM(AIM(CALL(abc, [ATOM(VAR, cde)])), &&, AIM(CALL(def, [ATOM(VAR, ghi)]))), &&, AIM(AIM(CALL(abc, [ATOM(VAR, cde)])), ||, AIM(CALL(def, [ATOM(VAR, ghi)])))), &&, AIM(AIM(AIM(CALL(abc, [ATOM(VAR, cde)])), &&, AIM(CALL(def, [ATOM(VAR, ghi)]))), &&, AIM(AIM(CALL(abc, [ATOM(VAR, cde)])), ||, AIM(CALL(def, [ATOM(VAR, ghi)])))))), RELATION(verylong, [ATOM(VAR, input)], AIM(AIM(AIM(AIM(AIM(AIM(CALL(abc, [ATOM(VAR, cde)])), &&, AIM(CALL(def, [ATOM(VAR, ghi)]))), &&, AIM(AIM(CALL(abc, [ATOM(VAR, cde)])), ||, AIM(CALL(def, [ATOM(VAR, ghi)])))), &&, AIM(AIM(AIM(CALL(abc, [ATOM(VAR, cde)])), &&, AIM(CALL(def, [ATOM(VAR, ghi)]))), &&, AIM(AIM(CALL(abc, [ATOM(VAR, cde)])), ||, AIM(CALL(def, [ATOM(VAR, ghi)]))))), ||, AIM(AIM(AIM(AIM(CALL(abc, [ATOM(VAR, cde)])), &&, AIM(CALL(def, [ATOM(VAR, ghi)]))), &&, AIM(AIM(CALL(abc, [ATOM(VAR, cde)])), ||, AIM(CALL(def, [ATOM(VAR, ghi)])))), &&, AIM(AIM(AIM(CALL(abc, [ATOM(VAR, cde)])), &&, AIM(CALL(def, [ATOM(VAR, ghi)]))), &&, AIM(AIM(CALL(abc, [ATOM(VAR, cde)])), ||, AIM(CALL(def, [ATOM(VAR, ghi)])))))), &&, AIM(AIM(AIM(AIM(AIM(CALL(abc, [ATOM(VAR, cde)])), &&, AIM(CALL(def, [ATOM(VAR, ghi)]))), &&, AIM(AIM(CALL(abc, [ATOM(VAR, cde)])), ||, AIM(CALL(def, [ATOM(VAR, ghi)])))), &&, AIM(AIM(AIM(CALL(abc, [ATOM(VAR, cde)])), &&, AIM(CALL(def, [ATOM(VAR, ghi)]))), &&, AIM(AIM(CALL(abc, [ATOM(VAR, cde)])), ||, AIM(CALL(def, [ATOM(VAR, ghi)]))))), ||, AIM(AIM(AIM(AIM(CALL(abc, [ATOM(VAR, cde)])), &&, AIM(CALL(def, [ATOM(VAR, ghi)]))), &&, AIM(AIM(CALL(abc, [ATOM(VAR, cde)])), ||, AIM(CALL(def, [ATOM(VAR, ghi)])))), &&, AIM(AIM(AIM(CALL(abc, [ATOM(VAR, cde)])), &&, AIM(CALL(def, [ATOM(VAR, ghi)]))), &&, AIM(AIM(CALL(abc, [ATOM(VAR, cde)])), ||, AIM(CALL(def, [ATOM(VAR, ghi)]))))))))]